These countries failed -- review these urlshttps://en.wikipedia.org/wiki/List_of_Zulus
https://en.wikipedia.org/wiki/List_of_Swedes
https://en.wikipedia.org/wiki/List_of_Hutus
https://en.wikipedia.org/wiki/List_of_Singaporeans
https://en.wikipedia.org/wiki/List_of_people_from_S%C3%A3o_Tom%C3%A9_and_Pr%C3%ADncipe
https://en.wikipedia.org/wiki/List_of_Palauans
https://en.wikipedia.org/wiki/List_of_Celts
https://en.wikipedia.org/wiki/List_of_Karen
https://en.wikipedia.org/wiki/List_of_Bruneians
https://en.wikipedia.org/wiki/List_of_Comorians
https://en.wikipedia.org/wiki/List_of_Mozambicans
https://en.wikipedia.org/wiki/List_of_people_from_the_Republic_of_the_Congo
https://en.wikipedia.org/wiki/List_of_Somalilanders
